﻿
> keepgoing---smart-intelligence-applications@0.0.0 build
> vite build

[36mvite v6.4.1 [32mbuilding for production...[36m[39m
transforming...
[32mÔ£ô[39m 2105 modules transformed.
node.exe : 
[31mÔ£ù[39m Build 
failed in 3.60s
No linha:1 caractere:1
+ & "C:\Program 
Files\nodejs/node.exe" 
"C:\Program 
Files\nodejs/node_mo 
...
+ ~~~~~~~~~~~~~~~~~~~~~
~~~~~~~~~~~~~~~~~~~~~~~
~~~~~~~~~~~~~~~~~~~~~~~
~~
    + CategoryInfo     
         : NotSpecifi  
  ed: ([31mÔ£ù[39m   
  Build failed in 3    
.60s:String) [], R    
emoteException
    + FullyQualifiedEr 
   rorId : NativeComm  
  andError
 
[31merror during 
build:
[31mApp.tsx (29:30): 
"Notification" is not 
exported by "lib/notifi
cations.ts", imported 
by "App.tsx".[31m
file: [36mC:/Projetos/
KeepGoing/App.tsx:29:30
[31m
[33m
27: import { 
OrderService, User, 
View, ProductionPhase, 
INITIAL_PHASES, 
AppUser, 
ProductionStaff, 
PhaseConfig, 
ActivityLo...
28: import { supabase 
} from 
'./lib/supabase';
29: import { 
notificationService, 
Notification } from 
'./lib/notifications';
                       
           ^
30: import 'leaflet/dis
t/leaflet.css';
[31m
    at getRollupError (
file:///C:/Projetos/Kee
pGoing/node_modules/rol
lup/dist/es/shared/pars
eAst.js:402:41)
    at error (file:///C
:/Projetos/KeepGoing/no
de_modules/rollup/dist/
es/shared/parseAst.js:3
98:42)
    at Module.error (fi
le:///C:/Projetos/KeepG
oing/node_modules/rollu
p/dist/es/shared/node-e
ntry.js:17040:16)
    at 
Module.traceVariable (f
ile:///C:/Projetos/Keep
Going/node_modules/roll
up/dist/es/shared/node-
entry.js:17452:29)
    at ModuleScope.find
Variable (file:///C:/Pr
ojetos/KeepGoing/node_m
odules/rollup/dist/es/s
hared/node-entry.js:150
70:39)
    at ReturnValueScope
.findVariable (file:///
C:/Projetos/KeepGoing/n
ode_modules/rollup/dist
/es/shared/node-entry.j
s:5673:38)
    at FunctionBodyScop
e.findVariable (file://
/C:/Projetos/KeepGoing/
node_modules/rollup/dis
t/es/shared/node-entry.
js:5673:38)
    at ReturnValueScope
.findVariable (file:///
C:/Projetos/KeepGoing/n
ode_modules/rollup/dist
/es/shared/node-entry.j
s:5673:38)
    at FunctionBodyScop
e.findVariable (file://
/C:/Projetos/KeepGoing/
node_modules/rollup/dis
t/es/shared/node-entry.
js:5673:38)
    at ReturnValueScope
.findVariable (file:///
C:/Projetos/KeepGoing/n
ode_modules/rollup/dist
/es/shared/node-entry.j
s:5673:38)[39m
