check_db.ts(2,25): error TS2307: Cannot find module 'dotenv' or its corresponding type declarations.
components/ArchitectsView.tsx(40,19): error TS2339: Property 'city' does not exist on type 'string'.
components/ArchitectsView.tsx(46,58): error TS2339: Property 'city' does not exist on type 'string'.
components/ArchitectsView.tsx(46,87): error TS2339: Property 'city' does not exist on type 'string'.
components/ArchitectsView.tsx(48,48): error TS2362: The left-hand side of an arithmetic operation must be of type 'any', 'number', 'bigint' or an enum type.
components/ArchitectsView.tsx(48,64): error TS2363: The right-hand side of an arithmetic operation must be of type 'any', 'number', 'bigint' or an enum type.
components/ArchitectsView.tsx(187,90): error TS2339: Property 'city' does not exist on type 'string'.
components/ArchitectsView.tsx(188,96): error TS2339: Property 'state' does not exist on type 'string'.
components/ClientSelectModal.tsx(65,64): error TS2339: Property 'city' does not exist on type 'string'.
components/ClientSelectModal.tsx(65,87): error TS2339: Property 'state' does not exist on type 'string'.
components/ClientsView.tsx(41,19): error TS2339: Property 'city' does not exist on type 'string'.
components/ClientsView.tsx(46,48): error TS2362: The left-hand side of an arithmetic operation must be of type 'any', 'number', 'bigint' or an enum type.
components/ClientsView.tsx(46,64): error TS2363: The right-hand side of an arithmetic operation must be of type 'any', 'number', 'bigint' or an enum type.
components/ClientsView.tsx(48,58): error TS2339: Property 'city' does not exist on type 'string'.
components/ClientsView.tsx(48,87): error TS2339: Property 'city' does not exist on type 'string'.
components/ClientsView.tsx(184,113): error TS2339: Property 'city' does not exist on type 'string'.
components/ClientsView.tsx(185,113): error TS2339: Property 'state' does not exist on type 'string'.
components/NewArchitectModal.tsx(39,5): error TS2322: Type '{ street: string; number: string; complement: string; neighborhood: string; city: string; state: string; zipCode: string; }' is not assignable to type 'string'.
components/NewArchitectModal.tsx(67,9): error TS2322: Type '{ street: string; number: string; complement: string; neighborhood: string; city: string; state: string; zipCode: string; }' is not assignable to type 'string'.
components/NewArchitectModal.tsx(91,22): error TS2698: Spread types may only be created from object types.
components/NewArchitectModal.tsx(117,11): error TS2698: Spread types may only be created from object types.
components/NewArchitectModal.tsx(150,57): error TS2339: Property 'lat' does not exist on type 'string'.
components/NewArchitectModal.tsx(150,81): error TS2339: Property 'lng' does not exist on type 'string'.
components/NewArchitectModal.tsx(151,25): error TS2339: Property 'lat' does not exist on type 'string'.
components/NewArchitectModal.tsx(151,47): error TS2339: Property 'lng' does not exist on type 'string'.
components/NewArchitectModal.tsx(261,47): error TS2339: Property 'zipCode' does not exist on type 'string'.
components/NewArchitectModal.tsx(267,61): error TS2698: Spread types may only be created from object types.
components/NewArchitectModal.tsx(279,47): error TS2339: Property 'street' does not exist on type 'string'.
components/NewArchitectModal.tsx(280,74): error TS2698: Spread types may only be created from object types.
components/NewArchitectModal.tsx(281,69): error TS2339: Property 'street' does not exist on type 'string'.
components/NewArchitectModal.tsx(281,94): error TS2339: Property 'number' does not exist on type 'string'.
components/NewArchitectModal.tsx(281,125): error TS2339: Property 'city' does not exist on type 'string'.
components/NewArchitectModal.tsx(281,148): error TS2339: Property 'state' does not exist on type 'string'.
components/NewArchitectModal.tsx(288,47): error TS2339: Property 'number' does not exist on type 'string'.
components/NewArchitectModal.tsx(289,74): error TS2698: Spread types may only be created from object types.
components/NewArchitectModal.tsx(290,69): error TS2339: Property 'street' does not exist on type 'string'.
components/NewArchitectModal.tsx(290,94): error TS2339: Property 'number' does not exist on type 'string'.
components/NewArchitectModal.tsx(290,125): error TS2339: Property 'city' does not exist on type 'string'.
components/NewArchitectModal.tsx(290,148): error TS2339: Property 'state' does not exist on type 'string'.
components/NewArchitectModal.tsx(298,47): error TS2339: Property 'complement' does not exist on type 'string'.
components/NewArchitectModal.tsx(299,74): error TS2698: Spread types may only be created from object types.
components/NewArchitectModal.tsx(307,47): error TS2339: Property 'neighborhood' does not exist on type 'string'.
components/NewArchitectModal.tsx(308,74): error TS2698: Spread types may only be created from object types.
components/NewArchitectModal.tsx(316,47): error TS2339: Property 'city' does not exist on type 'string'.
components/NewArchitectModal.tsx(317,74): error TS2698: Spread types may only be created from object types.
components/NewArchitectModal.tsx(326,47): error TS2339: Property 'state' does not exist on type 'string'.
components/NewArchitectModal.tsx(327,74): error TS2698: Spread types may only be created from object types.
components/NewArchitectModal.tsx(344,39): error TS2339: Property 'lat' does not exist on type 'string'.
components/NewArchitectModal.tsx(344,63): error TS2339: Property 'lng' does not exist on type 'string'.
components/NewArchitectModal.tsx(345,59): error TS2339: Property 'lat' does not exist on type 'string'.
components/NewArchitectModal.tsx(345,81): error TS2339: Property 'lng' does not exist on type 'string'.
components/NewClientModal.tsx(43,5): error TS2322: Type '{ street: string; number: string; complement: string; neighborhood: string; city: string; state: string; zipCode: string; }' is not assignable to type 'string'.
components/NewClientModal.tsx(74,9): error TS2322: Type '{ street: string; number: string; complement: string; neighborhood: string; city: string; state: string; zipCode: string; }' is not assignable to type 'string'.
components/NewClientModal.tsx(81,64): error TS2339: Property 'street' does not exist on type 'string'.
components/NewClientModal.tsx(81,93): error TS2339: Property 'lat' does not exist on type 'string'.
components/NewClientModal.tsx(81,118): error TS2339: Property 'lng' does not exist on type 'string'.
components/NewClientModal.tsx(82,39): error TS2339: Property 'street' does not exist on type 'string'.
components/NewClientModal.tsx(82,64): error TS2339: Property 'number' does not exist on type 'string'.
components/NewClientModal.tsx(82,89): error TS2339: Property 'city' does not exist on type 'string'.
components/NewClientModal.tsx(82,112): error TS2339: Property 'state' does not exist on type 'string'.
components/NewClientModal.tsx(82,136): error TS2339: Property 'zipCode' does not exist on type 'string'.
components/NewClientModal.tsx(84,55): error TS2339: Property 'deliveryAddress' does not exist on type 'Omit<Client, "id" | "createdAt">'.
components/NewClientModal.tsx(84,93): error TS2339: Property 'deliveryAddress' does not exist on type 'Omit<Client, "id" | "createdAt">'.
components/NewClientModal.tsx(84,126): error TS2339: Property 'deliveryAddress' does not exist on type 'Omit<Client, "id" | "createdAt">'.
components/NewClientModal.tsx(85,31): error TS2339: Property 'deliveryAddress' does not exist on type 'Omit<Client, "id" | "createdAt">'.
components/NewClientModal.tsx(85,64): error TS2339: Property 'deliveryAddress' does not exist on type 'Omit<Client, "id" | "createdAt">'.
components/NewClientModal.tsx(85,97): error TS2339: Property 'deliveryAddress' does not exist on type 'Omit<Client, "id" | "createdAt">'.
components/NewClientModal.tsx(85,128): error TS2339: Property 'deliveryAddress' does not exist on type 'Omit<Client, "id" | "createdAt">'.
components/NewClientModal.tsx(85,160): error TS2339: Property 'deliveryAddress' does not exist on type 'Omit<Client, "id" | "createdAt">'.
components/NewClientModal.tsx(87,43): error TS2339: Property 'street' does not exist on type 'string'.
components/NewClientModal.tsx(87,60): error TS2339: Property 'deliveryAddress' does not exist on type 'Omit<Client, "id" | "createdAt">'.
components/NewClientModal.tsx(87,102): error TS2339: Property 'zipCode' does not exist on type 'string'.
components/NewClientModal.tsx(87,120): error TS2339: Property 'deliveryAddress' does not exist on type 'Omit<Client, "id" | "createdAt">'.
components/NewClientModal.tsx(161,64): error TS2339: Property 'deliveryAddress' does not exist on type 'Omit<Client, "id" | "createdAt">'.
components/NewClientModal.tsx(195,13): error TS2698: Spread types may only be created from object types.
components/NewClientModal.tsx(196,53): error TS2339: Property 'street' does not exist on type 'string'.
components/NewClientModal.tsx(197,49): error TS2339: Property 'number' does not exist on type 'string'.
components/NewClientModal.tsx(198,58): error TS2339: Property 'complement' does not exist on type 'string'.
components/NewClientModal.tsx(199,55): error TS2339: Property 'neighborhood' does not exist on type 'string'.
components/NewClientModal.tsx(200,50): error TS2339: Property 'city' does not exist on type 'string'.
components/NewClientModal.tsx(201,44): error TS2339: Property 'state' does not exist on type 'string'.
components/NewClientModal.tsx(202,104): error TS2339: Property 'zipCode' does not exist on type 'string'.
components/NewClientModal.tsx(245,59): error TS2339: Property 'number' does not exist on type 'string'.
components/NewClientModal.tsx(245,74): error TS2339: Property 'deliveryAddress' does not exist on type 'Omit<Client, "id" | "createdAt">'.
components/NewClientModal.tsx(246,63): error TS2339: Property 'complement' does not exist on type 'string'.
components/NewClientModal.tsx(246,82): error TS2339: Property 'deliveryAddress' does not exist on type 'Omit<Client, "id" | "createdAt">'.
components/NewClientModal.tsx(247,56): error TS2339: Property 'lat' does not exist on type 'string'.
components/NewClientModal.tsx(247,68): error TS2339: Property 'deliveryAddress' does not exist on type 'Omit<Client, "id" | "createdAt">'.
components/NewClientModal.tsx(248,56): error TS2339: Property 'lng' does not exist on type 'string'.
components/NewClientModal.tsx(248,68): error TS2339: Property 'deliveryAddress' does not exist on type 'Omit<Client, "id" | "createdAt">'.
components/NewClientModal.tsx(255,40): error TS2698: Spread types may only be created from object types.
components/NewClientModal.tsx(257,57): error TS2339: Property 'deliveryAddress' does not exist on type 'Omit<Client, "id" | "createdAt">'.
components/NewClientModal.tsx(272,67): error TS2345: Argument of type 'string' is not assignable to parameter of type '"Pessoa F├¡sica" | "Pessoa Jur├¡dica"'.
components/NewClientModal.tsx(289,57): error TS2339: Property 'lat' does not exist on type 'string'.
components/NewClientModal.tsx(289,81): error TS2339: Property 'lng' does not exist on type 'string'.
components/NewClientModal.tsx(290,25): error TS2339: Property 'lat' does not exist on type 'string'.
components/NewClientModal.tsx(290,47): error TS2339: Property 'lng' does not exist on type 'string'.
components/NewClientModal.tsx(293,57): error TS2339: Property 'deliveryAddress' does not exist on type 'Omit<Client, "id" | "createdAt">'.
components/NewClientModal.tsx(293,90): error TS2339: Property 'deliveryAddress' does not exist on type 'Omit<Client, "id" | "createdAt">'.
components/NewClientModal.tsx(294,17): error TS2339: Property 'deliveryAddress' does not exist on type 'Omit<Client, "id" | "createdAt">'.
components/NewClientModal.tsx(294,47): error TS2339: Property 'deliveryAddress' does not exist on type 'Omit<Client, "id" | "createdAt">'.
components/NewClientModal.tsx(399,83): error TS2345: Argument of type 'string' is not assignable to parameter of type '"Pessoa F├¡sica" | "Pessoa Jur├¡dica"'.
components/NewClientModal.tsx(501,49): error TS2339: Property 'zipCode' does not exist on type 'string'.
components/NewClientModal.tsx(507,63): error TS2698: Spread types may only be created from object types.
components/NewClientModal.tsx(520,49): error TS2339: Property 'street' does not exist on type 'string'.
components/NewClientModal.tsx(521,76): error TS2698: Spread types may only be created from object types.
components/NewClientModal.tsx(522,71): error TS2339: Property 'street' does not exist on type 'string'.
components/NewClientModal.tsx(522,96): error TS2339: Property 'number' does not exist on type 'string'.
components/NewClientModal.tsx(522,121): error TS2339: Property 'city' does not exist on type 'string'.
components/NewClientModal.tsx(522,144): error TS2339: Property 'state' does not exist on type 'string'.
components/NewClientModal.tsx(522,168): error TS2339: Property 'zipCode' does not exist on type 'string'.
components/NewClientModal.tsx(531,49): error TS2339: Property 'number' does not exist on type 'string'.
components/NewClientModal.tsx(532,76): error TS2698: Spread types may only be created from object types.
components/NewClientModal.tsx(533,71): error TS2339: Property 'street' does not exist on type 'string'.
components/NewClientModal.tsx(533,96): error TS2339: Property 'number' does not exist on type 'string'.
components/NewClientModal.tsx(533,121): error TS2339: Property 'city' does not exist on type 'string'.
components/NewClientModal.tsx(533,144): error TS2339: Property 'state' does not exist on type 'string'.
components/NewClientModal.tsx(533,168): error TS2339: Property 'zipCode' does not exist on type 'string'.
components/NewClientModal.tsx(541,49): error TS2339: Property 'complement' does not exist on type 'string'.
components/NewClientModal.tsx(542,76): error TS2698: Spread types may only be created from object types.
components/NewClientModal.tsx(551,49): error TS2339: Property 'neighborhood' does not exist on type 'string'.
components/NewClientModal.tsx(552,76): error TS2698: Spread types may only be created from object types.
components/NewClientModal.tsx(561,49): error TS2339: Property 'city' does not exist on type 'string'.
components/NewClientModal.tsx(562,76): error TS2698: Spread types may only be created from object types.
components/NewClientModal.tsx(570,49): error TS2339: Property 'state' does not exist on type 'string'.
components/NewClientModal.tsx(571,76): error TS2698: Spread types may only be created from object types.
components/NewClientModal.tsx(594,39): error TS2339: Property 'lat' does not exist on type 'string'.
components/NewClientModal.tsx(594,63): error TS2339: Property 'lng' does not exist on type 'string'.
components/NewClientModal.tsx(595,59): error TS2339: Property 'lat' does not exist on type 'string'.
components/NewClientModal.tsx(595,81): error TS2339: Property 'lng' does not exist on type 'string'.
components/NewClientModal.tsx(599,50): error TS2339: Property 'street' does not exist on type 'string'.
components/NewClientModal.tsx(599,77): error TS2339: Property 'number' does not exist on type 'string'.
components/NewClientModal.tsx(619,39): error TS2339: Property 'deliveryAddress' does not exist on type 'Omit<Client, "id" | "createdAt">'.
components/NewClientModal.tsx(622,29): error TS2353: Object literal may only specify known properties, and 'deliveryAddress' does not exist in type 'SetStateAction<Omit<Client, "id" | "createdAt">>'.
components/NewClientModal.tsx(623,56): error TS2339: Property 'street' does not exist on type 'string'.
components/NewClientModal.tsx(624,56): error TS2339: Property 'number' does not exist on type 'string'.
components/NewClientModal.tsx(625,60): error TS2339: Property 'complement' does not exist on type 'string'.
components/NewClientModal.tsx(626,62): error TS2339: Property 'neighborhood' does not exist on type 'string'.
components/NewClientModal.tsx(627,54): error TS2339: Property 'city' does not exist on type 'string'.
components/NewClientModal.tsx(628,55): error TS2339: Property 'state' does not exist on type 'string'.
components/NewClientModal.tsx(629,57): error TS2339: Property 'zipCode' does not exist on type 'string'.
components/NewClientModal.tsx(630,53): error TS2339: Property 'lat' does not exist on type 'string'.
components/NewClientModal.tsx(631,53): error TS2339: Property 'lng' does not exist on type 'string'.
components/NewClientModal.tsx(635,53): error TS2353: Object literal may only specify known properties, and 'deliveryAddress' does not exist in type 'SetStateAction<Omit<Client, "id" | "createdAt">>'.
components/NewClientModal.tsx(640,33): error TS2339: Property 'deliveryAddress' does not exist on type 'Omit<Client, "id" | "createdAt">'.
components/NewClientModal.tsx(652,41): error TS2339: Property 'deliveryAddress' does not exist on type 'Omit<Client, "id" | "createdAt">'.
components/NewClientModal.tsx(658,53): error TS2353: Object literal may only specify known properties, and 'deliveryAddress' does not exist in type 'SetStateAction<Omit<Client, "id" | "createdAt">>'.
components/NewClientModal.tsx(658,84): error TS2339: Property 'deliveryAddress' does not exist on type 'Omit<Client, "id" | "createdAt">'.
components/NewClientModal.tsx(663,45): error TS2339: Property 'deliveryAddress' does not exist on type 'Omit<Client, "id" | "createdAt">'.
components/NewClientModal.tsx(672,41): error TS2339: Property 'deliveryAddress' does not exist on type 'Omit<Client, "id" | "createdAt">'.
components/NewClientModal.tsx(673,66): error TS2353: Object literal may only specify known properties, and 'deliveryAddress' does not exist in type 'SetStateAction<Omit<Client, "id" | "createdAt">>'.
components/NewClientModal.tsx(673,97): error TS2339: Property 'deliveryAddress' does not exist on type 'Omit<Client, "id" | "createdAt">'.
components/NewClientModal.tsx(675,40): error TS2339: Property 'deliveryAddress' does not exist on type 'Omit<Client, "id" | "createdAt">'.
components/NewClientModal.tsx(676,53): error TS2339: Property 'deliveryAddress' does not exist on type 'Omit<Client, "id" | "createdAt">'.
components/NewClientModal.tsx(676,86): error TS2339: Property 'deliveryAddress' does not exist on type 'Omit<Client, "id" | "createdAt">'.
components/NewClientModal.tsx(676,119): error TS2339: Property 'deliveryAddress' does not exist on type 'Omit<Client, "id" | "createdAt">'.
components/NewClientModal.tsx(676,150): error TS2339: Property 'deliveryAddress' does not exist on type 'Omit<Client, "id" | "createdAt">'.
components/NewClientModal.tsx(676,182): error TS2339: Property 'deliveryAddress' does not exist on type 'Omit<Client, "id" | "createdAt">'.
components/NewClientModal.tsx(679,45): error TS2339: Property 'deliveryAddress' does not exist on type 'Omit<Client, "id" | "createdAt">'.
components/NewClientModal.tsx(688,41): error TS2339: Property 'deliveryAddress' does not exist on type 'Omit<Client, "id" | "createdAt">'.
components/NewClientModal.tsx(689,66): error TS2353: Object literal may only specify known properties, and 'deliveryAddress' does not exist in type 'SetStateAction<Omit<Client, "id" | "createdAt">>'.
components/NewClientModal.tsx(689,97): error TS2339: Property 'deliveryAddress' does not exist on type 'Omit<Client, "id" | "createdAt">'.
components/NewClientModal.tsx(691,40): error TS2339: Property 'deliveryAddress' does not exist on type 'Omit<Client, "id" | "createdAt">'.
components/NewClientModal.tsx(692,53): error TS2339: Property 'deliveryAddress' does not exist on type 'Omit<Client, "id" | "createdAt">'.
components/NewClientModal.tsx(692,86): error TS2339: Property 'deliveryAddress' does not exist on type 'Omit<Client, "id" | "createdAt">'.
components/NewClientModal.tsx(692,119): error TS2339: Property 'deliveryAddress' does not exist on type 'Omit<Client, "id" | "createdAt">'.
components/NewClientModal.tsx(692,150): error TS2339: Property 'deliveryAddress' does not exist on type 'Omit<Client, "id" | "createdAt">'.
components/NewClientModal.tsx(692,182): error TS2339: Property 'deliveryAddress' does not exist on type 'Omit<Client, "id" | "createdAt">'.
components/NewClientModal.tsx(695,45): error TS2339: Property 'deliveryAddress' does not exist on type 'Omit<Client, "id" | "createdAt">'.
components/NewClientModal.tsx(703,41): error TS2339: Property 'deliveryAddress' does not exist on type 'Omit<Client, "id" | "createdAt">'.
components/NewClientModal.tsx(704,66): error TS2353: Object literal may only specify known properties, and 'deliveryAddress' does not exist in type 'SetStateAction<Omit<Client, "id" | "createdAt">>'.
components/NewClientModal.tsx(704,97): error TS2339: Property 'deliveryAddress' does not exist on type 'Omit<Client, "id" | "createdAt">'.
components/NewClientModal.tsx(705,45): error TS2339: Property 'deliveryAddress' does not exist on type 'Omit<Client, "id" | "createdAt">'.
components/NewClientModal.tsx(714,41): error TS2339: Property 'deliveryAddress' does not exist on type 'Omit<Client, "id" | "createdAt">'.
components/NewClientModal.tsx(715,66): error TS2353: Object literal may only specify known properties, and 'deliveryAddress' does not exist in type 'SetStateAction<Omit<Client, "id" | "createdAt">>'.
components/NewClientModal.tsx(715,97): error TS2339: Property 'deliveryAddress' does not exist on type 'Omit<Client, "id" | "createdAt">'.
components/NewClientModal.tsx(716,45): error TS2339: Property 'deliveryAddress' does not exist on type 'Omit<Client, "id" | "createdAt">'.
components/NewClientModal.tsx(725,41): error TS2339: Property 'deliveryAddress' does not exist on type 'Omit<Client, "id" | "createdAt">'.
components/NewClientModal.tsx(726,66): error TS2353: Object literal may only specify known properties, and 'deliveryAddress' does not exist in type 'SetStateAction<Omit<Client, "id" | "createdAt">>'.
components/NewClientModal.tsx(726,97): error TS2339: Property 'deliveryAddress' does not exist on type 'Omit<Client, "id" | "createdAt">'.
components/NewClientModal.tsx(727,45): error TS2339: Property 'deliveryAddress' does not exist on type 'Omit<Client, "id" | "createdAt">'.
components/NewClientModal.tsx(735,41): error TS2339: Property 'deliveryAddress' does not exist on type 'Omit<Client, "id" | "createdAt">'.
components/NewClientModal.tsx(736,66): error TS2353: Object literal may only specify known properties, and 'deliveryAddress' does not exist in type 'SetStateAction<Omit<Client, "id" | "createdAt">>'.
components/NewClientModal.tsx(736,97): error TS2339: Property 'deliveryAddress' does not exist on type 'Omit<Client, "id" | "createdAt">'.
components/NewClientModal.tsx(737,45): error TS2339: Property 'deliveryAddress' does not exist on type 'Omit<Client, "id" | "createdAt">'.
components/NewClientModal.tsx(747,41): error TS2339: Property 'deliveryAddress' does not exist on type 'Omit<Client, "id" | "createdAt">'.
components/NewClientModal.tsx(748,66): error TS2353: Object literal may only specify known properties, and 'deliveryAddress' does not exist in type 'SetStateAction<Omit<Client, "id" | "createdAt">>'.
components/NewClientModal.tsx(748,97): error TS2339: Property 'deliveryAddress' does not exist on type 'Omit<Client, "id" | "createdAt">'.
components/NewClientModal.tsx(749,45): error TS2339: Property 'deliveryAddress' does not exist on type 'Omit<Client, "id" | "createdAt">'.
components/NewClientModal.tsx(767,31): error TS2339: Property 'deliveryAddress' does not exist on type 'Omit<Client, "id" | "createdAt">'.
components/NewClientModal.tsx(767,64): error TS2339: Property 'deliveryAddress' does not exist on type 'Omit<Client, "id" | "createdAt">'.
components/NewClientModal.tsx(768,51): error TS2339: Property 'deliveryAddress' does not exist on type 'Omit<Client, "id" | "createdAt">'.
components/NewClientModal.tsx(768,81): error TS2339: Property 'deliveryAddress' does not exist on type 'Omit<Client, "id" | "createdAt">'.
components/NewClientModal.tsx(772,42): error TS2339: Property 'deliveryAddress' does not exist on type 'Omit<Client, "id" | "createdAt">'.
components/NewClientModal.tsx(772,77): error TS2339: Property 'deliveryAddress' does not exist on type 'Omit<Client, "id" | "createdAt">'.
components/NewMaterialModal.tsx(27,5): error TS2353: Object literal may only specify known properties, and 'group' does not exist in type 'Omit<Material, "id"> | (() => Omit<Material, "id">)'.
components/NewMaterialModal.tsx(259,66): error TS2339: Property 'group' does not exist on type 'Omit<Material, "id">'.
components/NewMaterialModal.tsx(259,114): error TS2353: Object literal may only specify known properties, and 'group' does not exist in type 'SetStateAction<Omit<Material, "id">>'.
components/NewMaterialModal.tsx(414,106): error TS2339: Property 'specialTableMargin' does not exist on type 'Omit<Material, "id">'.
components/NewMaterialModal.tsx(414,167): error TS2353: Object literal may only specify known properties, and 'specialTableMargin' does not exist in type 'SetStateAction<Omit<Material, "id">>'.
components/NewMaterialModal.tsx(418,106): error TS2339: Property 'specialTableValue' does not exist on type 'Omit<Material, "id">'.
components/NewMaterialModal.tsx(418,166): error TS2353: Object literal may only specify known properties, and 'specialTableValue' does not exist in type 'SetStateAction<Omit<Material, "id">>'.
components/NewMaterialModal.tsx(422,106): error TS2339: Property 'specialTableCommission' does not exist on type 'Omit<Material, "id">'.
components/NewMaterialModal.tsx(422,171): error TS2353: Object literal may only specify known properties, and 'specialTableCommission' does not exist in type 'SetStateAction<Omit<Material, "id">>'.
components/NewMaterialModal.tsx(568,67): error TS2339: Property 'nfeData' does not exist on type 'Omit<Material, "id">'.
components/NewMaterialModal.tsx(568,122): error TS2353: Object literal may only specify known properties, and 'nfeData' does not exist in type 'SetStateAction<Omit<Material, "id">>'.
components/NewMaterialModal.tsx(568,144): error TS2339: Property 'nfeData' does not exist on type 'Omit<Material, "id">'.
components/NewMaterialModal.tsx(572,67): error TS2339: Property 'nfeData' does not exist on type 'Omit<Material, "id">'.
components/NewMaterialModal.tsx(572,123): error TS2353: Object literal may only specify known properties, and 'nfeData' does not exist in type 'SetStateAction<Omit<Material, "id">>'.
components/NewMaterialModal.tsx(572,145): error TS2339: Property 'nfeData' does not exist on type 'Omit<Material, "id">'.
components/NewMaterialModal.tsx(576,81): error TS2339: Property 'nfeData' does not exist on type 'Omit<Material, "id">'.
components/NewMaterialModal.tsx(576,137): error TS2353: Object literal may only specify known properties, and 'nfeData' does not exist in type 'SetStateAction<Omit<Material, "id">>'.
components/NewMaterialModal.tsx(576,159): error TS2339: Property 'nfeData' does not exist on type 'Omit<Material, "id">'.
components/NewMaterialModal.tsx(580,81): error TS2339: Property 'nfeData' does not exist on type 'Omit<Material, "id">'.
components/NewMaterialModal.tsx(580,136): error TS2353: Object literal may only specify known properties, and 'nfeData' does not exist in type 'SetStateAction<Omit<Material, "id">>'.
components/NewMaterialModal.tsx(580,158): error TS2339: Property 'nfeData' does not exist on type 'Omit<Material, "id">'.
components/NewOrderModal.tsx(46,11): error TS2739: Type '{ id: string; osNumber: string; orderNumber: string; clientName: string; projectDescription: string; material: string; materialArea: number; phase: ProductionPhase; seller: string; priority: "baixa" | ... 1 more ... | "alta"; deadline: string; createdAt: string; imageUrls: string[]; }' is missing the following properties from type 'OrderService': dueDate, items, totalValue
components/NewProductModal.tsx(22,5): error TS2353: Object literal may only specify known properties, and 'code' does not exist in type 'Omit<ProductService, "id" | "createdAt"> | (() => Omit<ProductService, "id" | "createdAt">)'.
components/NewProductModal.tsx(45,19): error TS2339: Property 'createdAt' does not exist on type 'ProductService'.
components/NewProductModal.tsx(50,52): error TS2339: Property 'code' does not exist on type 'ProductService'.
components/NewProductModal.tsx(79,34): error TS2339: Property 'unitCost' does not exist on type 'Omit<ProductService, "id" | "createdAt">'.
components/NewProductModal.tsx(80,40): error TS2339: Property 'freight' does not exist on type 'Omit<ProductService, "id" | "createdAt">'.
components/NewProductModal.tsx(81,34): error TS2339: Property 'lossPercentage' does not exist on type 'Omit<ProductService, "id" | "createdAt">'.
components/NewProductModal.tsx(82,35): error TS2339: Property 'taxPercentage' does not exist on type 'Omit<ProductService, "id" | "createdAt">'.
components/NewProductModal.tsx(83,36): error TS2339: Property 'profitMargin' does not exist on type 'Omit<ProductService, "id" | "createdAt">'.
components/NewProductModal.tsx(84,40): error TS2339: Property 'commissionPercentage' does not exist on type 'Omit<ProductService, "id" | "createdAt">'.
components/NewProductModal.tsx(95,16): error TS2339: Property 'unitCost' does not exist on type 'Omit<ProductService, "id" | "createdAt">'.
components/NewProductModal.tsx(95,35): error TS2339: Property 'freight' does not exist on type 'Omit<ProductService, "id" | "createdAt">'.
components/NewProductModal.tsx(95,53): error TS2339: Property 'lossPercentage' does not exist on type 'Omit<ProductService, "id" | "createdAt">'.
components/NewProductModal.tsx(95,78): error TS2339: Property 'taxPercentage' does not exist on type 'Omit<ProductService, "id" | "createdAt">'.
components/NewProductModal.tsx(95,102): error TS2339: Property 'profitMargin' does not exist on type 'Omit<ProductService, "id" | "createdAt">'.
components/NewProductModal.tsx(95,125): error TS2339: Property 'commissionPercentage' does not exist on type 'Omit<ProductService, "id" | "createdAt">'.
components/NewProductModal.tsx(104,7): error TS2353: Object literal may only specify known properties, and 'createdAt' does not exist in type 'ProductService'.
components/NewProductModal.tsx(104,34): error TS2339: Property 'createdAt' does not exist on type 'ProductService'.
components/NewProductModal.tsx(168,74): error TS2339: Property 'code' does not exist on type 'Omit<ProductService, "id" | "createdAt">'.
components/NewProductModal.tsx(168,121): error TS2353: Object literal may only specify known properties, and 'code' does not exist in type 'SetStateAction<Omit<ProductService, "id" | "createdAt">>'.
components/NewProductModal.tsx(187,65): error TS2339: Property 'manufacturerNumber' does not exist on type 'Omit<ProductService, "id" | "createdAt">'.
components/NewProductModal.tsx(187,132): error TS2353: Object literal may only specify known properties, and 'manufacturerNumber' does not exist in type 'SetStateAction<Omit<ProductService, "id" | "createdAt">>'.
components/NewProductModal.tsx(215,81): error TS2339: Property 'stockBalance' does not exist on type 'Omit<ProductService, "id" | "createdAt">'.
components/NewProductModal.tsx(215,136): error TS2353: Object literal may only specify known properties, and 'stockBalance' does not exist in type 'SetStateAction<Omit<ProductService, "id" | "createdAt">>'.
components/NewProductModal.tsx(219,81): error TS2339: Property 'minStock' does not exist on type 'Omit<ProductService, "id" | "createdAt">'.
components/NewProductModal.tsx(219,132): error TS2353: Object literal may only specify known properties, and 'minStock' does not exist in type 'SetStateAction<Omit<ProductService, "id" | "createdAt">>'.
components/NewProductModal.tsx(270,95): error TS2339: Property 'unitCost' does not exist on type 'Omit<ProductService, "id" | "createdAt">'.
components/NewProductModal.tsx(270,146): error TS2353: Object literal may only specify known properties, and 'unitCost' does not exist in type 'SetStateAction<Omit<ProductService, "id" | "createdAt">>'.
components/NewProductModal.tsx(274,95): error TS2339: Property 'freight' does not exist on type 'Omit<ProductService, "id" | "createdAt">'.
components/NewProductModal.tsx(274,145): error TS2353: Object literal may only specify known properties, and 'freight' does not exist in type 'SetStateAction<Omit<ProductService, "id" | "createdAt">>'.
components/NewProductModal.tsx(278,83): error TS2339: Property 'lossPercentage' does not exist on type 'Omit<ProductService, "id" | "createdAt">'.
components/NewProductModal.tsx(278,140): error TS2353: Object literal may only specify known properties, and 'lossPercentage' does not exist in type 'SetStateAction<Omit<ProductService, "id" | "createdAt">>'.
components/NewProductModal.tsx(282,83): error TS2339: Property 'taxPercentage' does not exist on type 'Omit<ProductService, "id" | "createdAt">'.
components/NewProductModal.tsx(282,139): error TS2353: Object literal may only specify known properties, and 'taxPercentage' does not exist in type 'SetStateAction<Omit<ProductService, "id" | "createdAt">>'.
components/NewProductModal.tsx(294,83): error TS2339: Property 'profitMargin' does not exist on type 'Omit<ProductService, "id" | "createdAt">'.
components/NewProductModal.tsx(294,138): error TS2353: Object literal may only specify known properties, and 'profitMargin' does not exist in type 'SetStateAction<Omit<ProductService, "id" | "createdAt">>'.
components/NewProductModal.tsx(298,83): error TS2339: Property 'commissionPercentage' does not exist on type 'Omit<ProductService, "id" | "createdAt">'.
components/NewProductModal.tsx(298,146): error TS2353: Object literal may only specify known properties, and 'commissionPercentage' does not exist in type 'SetStateAction<Omit<ProductService, "id" | "createdAt">>'.
components/NewProductModal.tsx(306,93): error TS2339: Property 'suggestedPrice' does not exist on type 'Omit<ProductService, "id" | "createdAt">'.
components/NewProductModal.tsx(337,90): error TS2339: Property 'nfeData' does not exist on type 'Omit<ProductService, "id" | "createdAt">'.
components/NewProductModal.tsx(337,151): error TS2353: Object literal may only specify known properties, and 'nfeData' does not exist in type 'SetStateAction<Omit<ProductService, "id" | "createdAt">>'.
components/NewProductModal.tsx(337,174): error TS2339: Property 'nfeData' does not exist on type 'Omit<ProductService, "id" | "createdAt">'.
components/NewProductModal.tsx(341,84): error TS2339: Property 'nfeData' does not exist on type 'Omit<ProductService, "id" | "createdAt">'.
components/NewProductModal.tsx(341,146): error TS2353: Object literal may only specify known properties, and 'nfeData' does not exist in type 'SetStateAction<Omit<ProductService, "id" | "createdAt">>'.
components/NewProductModal.tsx(341,169): error TS2339: Property 'nfeData' does not exist on type 'Omit<ProductService, "id" | "createdAt">'.
components/NewProductModal.tsx(345,79): error TS2339: Property 'nfeData' does not exist on type 'Omit<ProductService, "id" | "createdAt">'.
components/NewProductModal.tsx(345,140): error TS2353: Object literal may only specify known properties, and 'nfeData' does not exist in type 'SetStateAction<Omit<ProductService, "id" | "createdAt">>'.
components/NewProductModal.tsx(345,163): error TS2339: Property 'nfeData' does not exist on type 'Omit<ProductService, "id" | "createdAt">'.
components/NewProductModal.tsx(349,79): error TS2339: Property 'nfeData' does not exist on type 'Omit<ProductService, "id" | "createdAt">'.
components/NewProductModal.tsx(349,139): error TS2353: Object literal may only specify known properties, and 'nfeData' does not exist in type 'SetStateAction<Omit<ProductService, "id" | "createdAt">>'.
components/NewProductModal.tsx(349,162): error TS2339: Property 'nfeData' does not exist on type 'Omit<ProductService, "id" | "createdAt">'.
components/NewSaleModal.tsx(3,22): error TS2305: Module '"../types"' has no exported member 'OrderItem'.
components/NewSaleModal.tsx(42,7): error TS2353: Object literal may only specify known properties, and 'osNumber' does not exist in type 'SalesOrder'.
components/NewSaleModal.tsx(88,57): error TS2339: Property 'osNumber' does not exist on type 'SalesOrder'.
components/NewSaleModal.tsx(91,59): error TS2339: Property 'architectName' does not exist on type 'SalesOrder'.
components/NewSaleModal.tsx(93,75): error TS2339: Property 'paymentConditions' does not exist on type 'SalesOrder'.
components/NewSaleModal.tsx(95,67): error TS2339: Property 'discountValue' does not exist on type 'SalesOrder'.
components/NewSaleModal.tsx(96,77): error TS2339: Property 'discountPercentage' does not exist on type 'SalesOrder'.
components/NewSaleModal.tsx(377,7): error TS2353: Object literal may only specify known properties, and 'osNumber' does not exist in type 'SalesOrder'.
components/NewSaleModal.tsx(384,72): error TS2339: Property 'phase' does not exist on type 'SalesOrder'.
components/NewSaleModal.tsx(404,31): error TS2339: Property 'imageUrls' does not exist on type 'SalesOrder'.
components/NewSupplierModal.tsx(40,5): error TS2322: Type '{ street: string; number: string; complement: string; neighborhood: string; city: string; state: string; zipCode: string; }' is not assignable to type 'string'.
components/NewSupplierModal.tsx(72,9): error TS2322: Type '{ street: string; number: string; complement: string; neighborhood: string; city: string; state: string; zipCode: string; }' is not assignable to type 'string'.
components/NewSupplierModal.tsx(129,22): error TS2698: Spread types may only be created from object types.
components/NewSupplierModal.tsx(158,13): error TS2698: Spread types may only be created from object types.
components/NewSupplierModal.tsx(159,53): error TS2339: Property 'street' does not exist on type 'string'.
components/NewSupplierModal.tsx(160,49): error TS2339: Property 'number' does not exist on type 'string'.
components/NewSupplierModal.tsx(161,58): error TS2339: Property 'complement' does not exist on type 'string'.
components/NewSupplierModal.tsx(162,55): error TS2339: Property 'neighborhood' does not exist on type 'string'.
components/NewSupplierModal.tsx(163,50): error TS2339: Property 'city' does not exist on type 'string'.
components/NewSupplierModal.tsx(164,44): error TS2339: Property 'state' does not exist on type 'string'.
components/NewSupplierModal.tsx(165,104): error TS2339: Property 'zipCode' does not exist on type 'string'.
components/NewSupplierModal.tsx(205,11): error TS2698: Spread types may only be created from object types.
components/NewSupplierModal.tsx(228,67): error TS2345: Argument of type 'string' is not assignable to parameter of type '"Pessoa F├¡sica" | "Pessoa Jur├¡dica"'.
components/NewSupplierModal.tsx(245,57): error TS2339: Property 'lat' does not exist on type 'string'.
components/NewSupplierModal.tsx(245,81): error TS2339: Property 'lng' does not exist on type 'string'.
components/NewSupplierModal.tsx(246,25): error TS2339: Property 'lat' does not exist on type 'string'.
components/NewSupplierModal.tsx(246,47): error TS2339: Property 'lng' does not exist on type 'string'.
components/NewSupplierModal.tsx(328,83): error TS2345: Argument of type 'string' is not assignable to parameter of type '"Pessoa F├¡sica" | "Pessoa Jur├¡dica"'.
components/NewSupplierModal.tsx(377,47): error TS2339: Property 'zipCode' does not exist on type 'string'.
components/NewSupplierModal.tsx(383,61): error TS2698: Spread types may only be created from object types.
components/NewSupplierModal.tsx(396,47): error TS2339: Property 'street' does not exist on type 'string'.
components/NewSupplierModal.tsx(397,74): error TS2698: Spread types may only be created from object types.
components/NewSupplierModal.tsx(398,69): error TS2339: Property 'street' does not exist on type 'string'.
components/NewSupplierModal.tsx(398,94): error TS2339: Property 'number' does not exist on type 'string'.
components/NewSupplierModal.tsx(398,125): error TS2339: Property 'city' does not exist on type 'string'.
components/NewSupplierModal.tsx(398,148): error TS2339: Property 'state' does not exist on type 'string'.
components/NewSupplierModal.tsx(398,172): error TS2339: Property 'zipCode' does not exist on type 'string'.
components/NewSupplierModal.tsx(407,49): error TS2339: Property 'number' does not exist on type 'string'.
components/NewSupplierModal.tsx(408,76): error TS2698: Spread types may only be created from object types.
components/NewSupplierModal.tsx(409,71): error TS2339: Property 'street' does not exist on type 'string'.
components/NewSupplierModal.tsx(409,96): error TS2339: Property 'number' does not exist on type 'string'.
components/NewSupplierModal.tsx(409,127): error TS2339: Property 'city' does not exist on type 'string'.
components/NewSupplierModal.tsx(409,150): error TS2339: Property 'state' does not exist on type 'string'.
components/NewSupplierModal.tsx(409,174): error TS2339: Property 'zipCode' does not exist on type 'string'.
components/NewSupplierModal.tsx(417,49): error TS2339: Property 'complement' does not exist on type 'string'.
components/NewSupplierModal.tsx(418,76): error TS2698: Spread types may only be created from object types.
components/NewSupplierModal.tsx(428,47): error TS2339: Property 'neighborhood' does not exist on type 'string'.
components/NewSupplierModal.tsx(429,74): error TS2698: Spread types may only be created from object types.
components/NewSupplierModal.tsx(439,49): error TS2339: Property 'city' does not exist on type 'string'.
components/NewSupplierModal.tsx(440,76): error TS2698: Spread types may only be created from object types.
components/NewSupplierModal.tsx(449,49): error TS2339: Property 'state' does not exist on type 'string'.
components/NewSupplierModal.tsx(450,76): error TS2698: Spread types may only be created from object types.
components/NewSupplierModal.tsx(468,39): error TS2339: Property 'lat' does not exist on type 'string'.
components/NewSupplierModal.tsx(468,63): error TS2339: Property 'lng' does not exist on type 'string'.
components/NewSupplierModal.tsx(469,59): error TS2339: Property 'lat' does not exist on type 'string'.
components/NewSupplierModal.tsx(469,81): error TS2339: Property 'lng' does not exist on type 'string'.
components/PrintBudget.tsx(36,71): error TS2339: Property 'deadline' does not exist on type 'SalesOrder'.
components/PrintBudget.tsx(73,30): error TS2339: Property 'street' does not exist on type 'string'.
components/PrintBudget.tsx(73,56): error TS2339: Property 'number' does not exist on type 'string'.
components/PrintBudget.tsx(73,83): error TS2339: Property 'neighborhood' does not exist on type 'string'.
components/PrintBudget.tsx(73,116): error TS2339: Property 'city' does not exist on type 'string'.
components/PrintBudget.tsx(73,139): error TS2339: Property 'state' does not exist on type 'string'.
components/PrintBudget.tsx(73,170): error TS2339: Property 'zipCode' does not exist on type 'string'.
components/PrintBudget.tsx(83,22): error TS2339: Property 'deliveryAddress' does not exist on type 'Client'.
components/PrintBudget.tsx(83,65): error TS2339: Property 'street' does not exist on type 'string'.
components/PrintBudget.tsx(83,90): error TS2339: Property 'deliveryAddress' does not exist on type 'Client'.
components/PrintBudget.tsx(83,133): error TS2339: Property 'number' does not exist on type 'string'.
components/PrintBudget.tsx(83,156): error TS2339: Property 'deliveryAddress' does not exist on type 'Client'.
components/PrintBudget.tsx(89,59): error TS2339: Property 'deliveryAddress' does not exist on type 'Client'.
components/PrintBudget.tsx(89,108): error TS2339: Property 'neighborhood' does not exist on type 'string'.
components/PrintBudget.tsx(93,59): error TS2339: Property 'deliveryAddress' does not exist on type 'Client'.
components/PrintBudget.tsx(93,100): error TS2339: Property 'city' does not exist on type 'string'.
components/PrintBudget.tsx(98,31): error TS2339: Property 'deliveryAddress' does not exist on type 'Client'.
components/PrintBudget.tsx(98,75): error TS2339: Property 'zipCode' does not exist on type 'string'.
components/PrintBudget.tsx(102,53): error TS2339: Property 'deliveryAddress' does not exist on type 'Client'.
components/PrintBudget.tsx(102,95): error TS2339: Property 'state' does not exist on type 'string'.
components/PrintBudget.tsx(108,48): error TS2339: Property 'deliveryAddress' does not exist on type 'Client'.
components/ProductsView.tsx(43,9): error TS2339: Property 'code' does not exist on type 'ProductService'.
components/ProductsView.tsx(49,48): error TS2339: Property 'code' does not exist on type 'ProductService'.
components/ProductsView.tsx(49,69): error TS2339: Property 'code' does not exist on type 'ProductService'.
components/ProductsView.tsx(50,56): error TS2339: Property 'stockBalance' does not exist on type 'ProductService'.
components/ProductsView.tsx(50,73): error TS2339: Property 'stockBalance' does not exist on type 'ProductService'.
components/ProductsView.tsx(165,32): error TS2339: Property 'code' does not exist on type 'ProductService'.
components/ProductsView.tsx(191,67): error TS2339: Property 'stockBalance' does not exist on type 'ProductService'.
components/ProductsView.tsx(191,91): error TS2339: Property 'minStock' does not exist on type 'ProductService'.
components/ProductsView.tsx(192,32): error TS2339: Property 'stockBalance' does not exist on type 'ProductService'.
components/ProductsView.tsx(194,30): error TS2339: Property 'stockBalance' does not exist on type 'ProductService'.
components/ProductsView.tsx(194,54): error TS2339: Property 'minStock' does not exist on type 'ProductService'.
components/ProductsView.tsx(195,129): error TS2339: Property 'minStock' does not exist on type 'ProductService'.
components/RecentActivity.tsx(103,59): error TS2339: Property 'orderNumber' does not exist on type 'ActivityLog'.
components/RecentActivity.tsx(105,72): error TS2339: Property 'orderNumber' does not exist on type 'ActivityLog'.
components/SalesChannelsView.tsx(15,84): error TS2345: Argument of type '{ name: string; }' is not assignable to parameter of type 'Omit<SalesChannel, "id" | "createdAt"> | (() => Omit<SalesChannel, "id" | "createdAt">)'.
  Property 'color' is missing in type '{ name: string; }' but required in type 'Omit<SalesChannel, "id" | "createdAt">'.
components/SalesChannelsView.tsx(21,17): error TS2345: Argument of type '{ name: string; }' is not assignable to parameter of type 'SetStateAction<Omit<SalesChannel, "id" | "createdAt">>'.
  Property 'color' is missing in type '{ name: string; }' but required in type 'Omit<SalesChannel, "id" | "createdAt">'.
components/SalesChannelsView.tsx(31,7): error TS2353: Object literal may only specify known properties, and 'createdAt' does not exist in type 'SalesChannel'.
components/SalesChannelsView.tsx(31,34): error TS2339: Property 'createdAt' does not exist on type 'SalesChannel'.
components/SalesChannelsView.tsx(37,17): error TS2345: Argument of type '{ name: string; }' is not assignable to parameter of type 'SetStateAction<Omit<SalesChannel, "id" | "createdAt">>'.
  Property 'color' is missing in type '{ name: string; }' but required in type 'Omit<SalesChannel, "id" | "createdAt">'.
components/SalesChannelsView.tsx(60,25): error TS2345: Argument of type '{ name: string; }' is not assignable to parameter of type 'SetStateAction<Omit<SalesChannel, "id" | "createdAt">>'.
  Property 'color' is missing in type '{ name: string; }' but required in type 'Omit<SalesChannel, "id" | "createdAt">'.
components/SalesChannelsView.tsx(104,39): error TS2339: Property 'createdAt' does not exist on type 'SalesChannel'.
components/ServiceGroupsView.tsx(18,5): error TS2353: Object literal may only specify known properties, and 'altMin' does not exist in type 'Omit<ServiceGroup, "id" | "createdAt"> | (() => Omit<ServiceGroup, "id" | "createdAt">)'.
components/ServiceGroupsView.tsx(49,34): error TS2353: Object literal may only specify known properties, and 'altMin' does not exist in type 'SetStateAction<Omit<ServiceGroup, "id" | "createdAt">>'.
components/ServiceGroupsView.tsx(79,48): error TS2353: Object literal may only specify known properties, and 'altMin' does not exist in type 'SetStateAction<Omit<ServiceGroup, "id" | "createdAt">>'.
components/ServiceGroupsView.tsx(125,97): error TS2339: Property 'un' does not exist on type 'ServiceGroup'.
components/ServiceGroupsView.tsx(127,28): error TS2339: Property 'altMin' does not exist on type 'ServiceGroup'.
components/ServiceGroupsView.tsx(127,45): error TS2339: Property 'altMax' does not exist on type 'ServiceGroup'.
components/ServiceGroupsView.tsx(129,87): error TS2339: Property 'perda' does not exist on type 'ServiceGroup'.
components/ServiceGroupsView.tsx(130,87): error TS2339: Property 'tpMin' does not exist on type 'ServiceGroup'.
components/ServiceGroupsView.tsx(211,37): error TS2339: Property 'altMin' does not exist on type 'Omit<ServiceGroup, "id" | "createdAt">'.
components/ServiceGroupsView.tsx(212,63): error TS2353: Object literal may only specify known properties, and 'altMin' does not exist in type 'SetStateAction<Omit<ServiceGroup, "id" | "createdAt">>'.
components/ServiceGroupsView.tsx(220,37): error TS2339: Property 'altMax' does not exist on type 'Omit<ServiceGroup, "id" | "createdAt">'.
components/ServiceGroupsView.tsx(221,63): error TS2353: Object literal may only specify known properties, and 'altMax' does not exist in type 'SetStateAction<Omit<ServiceGroup, "id" | "createdAt">>'.
components/ServiceGroupsView.tsx(228,37): error TS2339: Property 'un' does not exist on type 'Omit<ServiceGroup, "id" | "createdAt">'.
components/ServiceGroupsView.tsx(229,63): error TS2353: Object literal may only specify known properties, and 'un' does not exist in type 'SetStateAction<Omit<ServiceGroup, "id" | "createdAt">>'.
components/ServiceGroupsView.tsx(238,37): error TS2339: Property 'indice' does not exist on type 'Omit<ServiceGroup, "id" | "createdAt">'.
components/ServiceGroupsView.tsx(239,63): error TS2353: Object literal may only specify known properties, and 'indice' does not exist in type 'SetStateAction<Omit<ServiceGroup, "id" | "createdAt">>'.
components/ServiceGroupsView.tsx(249,37): error TS2339: Property 'bnto' does not exist on type 'Omit<ServiceGroup, "id" | "createdAt">'.
components/ServiceGroupsView.tsx(250,63): error TS2353: Object literal may only specify known properties, and 'bnto' does not exist in type 'SetStateAction<Omit<ServiceGroup, "id" | "createdAt">>'.
components/ServiceGroupsView.tsx(257,37): error TS2339: Property 'descFrete' does not exist on type 'Omit<ServiceGroup, "id" | "createdAt">'.
components/ServiceGroupsView.tsx(258,63): error TS2353: Object literal may only specify known properties, and 'descFrete' does not exist in type 'SetStateAction<Omit<ServiceGroup, "id" | "createdAt">>'.
components/ServiceGroupsView.tsx(267,37): error TS2339: Property 'perda' does not exist on type 'Omit<ServiceGroup, "id" | "createdAt">'.
components/ServiceGroupsView.tsx(268,63): error TS2353: Object literal may only specify known properties, and 'perda' does not exist in type 'SetStateAction<Omit<ServiceGroup, "id" | "createdAt">>'.
components/ServiceGroupsView.tsx(277,37): error TS2339: Property 'ifp' does not exist on type 'Omit<ServiceGroup, "id" | "createdAt">'.
components/ServiceGroupsView.tsx(278,63): error TS2353: Object literal may only specify known properties, and 'ifp' does not exist in type 'SetStateAction<Omit<ServiceGroup, "id" | "createdAt">>'.
components/ServiceGroupsView.tsx(289,37): error TS2339: Property 'tpMin' does not exist on type 'Omit<ServiceGroup, "id" | "createdAt">'.
components/ServiceGroupsView.tsx(290,63): error TS2353: Object literal may only specify known properties, and 'tpMin' does not exist in type 'SetStateAction<Omit<ServiceGroup, "id" | "createdAt">>'.
components/ServiceGroupsView.tsx(298,37): error TS2339: Property 'qtFun' does not exist on type 'Omit<ServiceGroup, "id" | "createdAt">'.
components/ServiceGroupsView.tsx(299,63): error TS2353: Object literal may only specify known properties, and 'qtFun' does not exist in type 'SetStateAction<Omit<ServiceGroup, "id" | "createdAt">>'.
components/ServiceGroupsView.tsx(306,37): error TS2339: Property 'es' does not exist on type 'Omit<ServiceGroup, "id" | "createdAt">'.
components/ServiceGroupsView.tsx(307,63): error TS2353: Object literal may only specify known properties, and 'es' does not exist in type 'SetStateAction<Omit<ServiceGroup, "id" | "createdAt">>'.
components/SuppliersView.tsx(40,19): error TS2339: Property 'city' does not exist on type 'string'.
components/SuppliersView.tsx(46,58): error TS2339: Property 'city' does not exist on type 'string'.
components/SuppliersView.tsx(46,87): error TS2339: Property 'city' does not exist on type 'string'.
components/SuppliersView.tsx(48,48): error TS2362: The left-hand side of an arithmetic operation must be of type 'any', 'number', 'bigint' or an enum type.
components/SuppliersView.tsx(48,64): error TS2363: The right-hand side of an arithmetic operation must be of type 'any', 'number', 'bigint' or an enum type.
components/SuppliersView.tsx(187,115): error TS2339: Property 'city' does not exist on type 'string'.
components/SuppliersView.tsx(188,115): error TS2339: Property 'state' does not exist on type 'string'.
constants.tsx(6,3): error TS2739: Type '{ id: string; osNumber: string; orderNumber: string; clientName: string; projectDescription: string; material: string; materialArea: number; phase: "Servi├ºo Lan├ºado"; seller: string; imageUrls: string[]; createdAt: string; deadline: string; priority: "alta"; }' is missing the following properties from type 'OrderService': dueDate, items, totalValue
constants.tsx(24,3): error TS2739: Type '{ id: string; osNumber: string; orderNumber: string; clientName: string; projectDescription: string; material: string; materialArea: number; phase: "Corte"; seller: string; imageUrls: string[]; createdAt: string; deadline: string; priority: "media"; }' is missing the following properties from type 'OrderService': dueDate, items, totalValue
constants.tsx(39,3): error TS2739: Type '{ id: string; osNumber: string; orderNumber: string; clientName: string; projectDescription: string; material: string; materialArea: number; phase: "Acabamento"; seller: string; imageUrls: string[]; createdAt: string; deadline: string; priority: "baixa"; }' is missing the following properties from type 'OrderService': dueDate, items, totalValue
lib/supabase.ts(2,26): error TS2307: Cannot find module '../types_supabase' or its corresponding type declarations.
lib/supabase.ts(4,33): error TS2339: Property 'env' does not exist on type 'ImportMeta'.
lib/supabase.ts(5,37): error TS2339: Property 'env' does not exist on type 'ImportMeta'.
