components/MeasurementSchedule.tsx(84,15): error TS1127: Invalid character.
components/MeasurementSchedule.tsx(84,16): error TS1136: Property assignment expected.
components/MeasurementSchedule.tsx(89,16): error TS1005: ',' expected.
components/MeasurementSchedule.tsx(90,15): error TS1005: ',' expected.
components/MeasurementSchedule.tsx(91,17): error TS1005: ',' expected.
components/MeasurementSchedule.tsx(92,5): error TS1135: Argument expression expected.
components/MeasurementSchedule.tsx(92,6): error TS1005: ',' expected.
components/MeasurementSchedule.tsx(158,38): error TS1127: Invalid character.
components/MeasurementSchedule.tsx(762,1): error TS1160: Unterminated template literal.
